EpsonX                  24-Jul-92 17:22:05  Hunk Section                Page 1-1

 num hunk         size filename         punit    type         base  alv
   0 printer       dd4 printertag.o     printert code            0    0
                       init.o           init     code           54    0
                       init.o           init     code           54    0
                       data.o           data.c   code          16c    0
                       dospecial.o      dospecia code          16c    0
                       render.o         render.c code          4d4    0
                       transfer.o       transfer code          a84    0
                       density.o        density. code          bf4    0
                       lib:lc.lib       cxm33    code          cc0    0
                       lib:lc.lib       cxd33    code          ce0    0
                       lib:amiga.lib    exec_LVO code          da4    0
                       lib:amiga.lib    <noname> code          da4    0
                       lib:amiga.lib    <noname> code          dbc    0
   1 printer       730 init.o           init     data            0    0
                       data.o           data.c   data           18    0
                       dospecial.o      dospecia data          674    0
                       render.o         render.c data          6a4    0
                       density.o        density. data          6b8    0
                       lib:amiga.lib    <noname> data          700    0
                       render.o         render.c bss           700    0
